// Jest Snapshot v1, https://goo.gl/fbAQLP

exports[`ContactView.vue matches the snapshot 1`] = `
<div>
  <h1>Contact Page</h1>
  <p>This is the Contact page.</p>
</div>
`;
